------------------------------------------------------------
TimeQuest Timing Analyzer Summary
------------------------------------------------------------

Type  : Slow 1100mV 85C Model Setup 'clk'
Slack : 0.617
TNS   : 0.000

Type  : Slow 1100mV 85C Model Hold 'clk'
Slack : 0.226
TNS   : 0.000

Type  : Slow 1100mV 85C Model Minimum Pulse Width 'clk'
Slack : 2.746
TNS   : 0.000

Type  : Slow 1100mV 0C Model Setup 'clk'
Slack : 0.392
TNS   : 0.000

Type  : Slow 1100mV 0C Model Hold 'clk'
Slack : 0.211
TNS   : 0.000

Type  : Slow 1100mV 0C Model Minimum Pulse Width 'clk'
Slack : 2.650
TNS   : 0.000

Type  : Fast 1100mV 85C Model Setup 'clk'
Slack : 3.370
TNS   : 0.000

Type  : Fast 1100mV 85C Model Hold 'clk'
Slack : 0.137
TNS   : 0.000

Type  : Fast 1100mV 85C Model Minimum Pulse Width 'clk'
Slack : 2.742
TNS   : 0.000

Type  : Fast 1100mV 0C Model Setup 'clk'
Slack : 3.536
TNS   : 0.000

Type  : Fast 1100mV 0C Model Hold 'clk'
Slack : 0.098
TNS   : 0.000

Type  : Fast 1100mV 0C Model Minimum Pulse Width 'clk'
Slack : 2.742
TNS   : 0.000

------------------------------------------------------------
