Flow report for quartus_project
Sun Oct 18 23:25:06 2015
Quartus II 64-Bit Version 14.1.0 Build 186 12/03/2014 SJ Full Version


---------------------
; Table of Contents ;
---------------------
  1. Legal Notice
  2. Flow Summary
  3. Flow Settings
  4. Flow Non-Default Global Settings
  5. Flow Elapsed Time
  6. Flow OS Summary
  7. Flow Log
  8. Flow Messages
  9. Flow Suppressed Messages



----------------
; Legal Notice ;
----------------
Copyright (C) 1991-2014 Altera Corporation. All rights reserved.
Your use of Altera Corporation's design tools, logic functions 
and other software and tools, and its AMPP partner logic 
functions, and any output files from any of the foregoing 
(including device programming or simulation files), and any 
associated documentation or information are expressly subject 
to the terms and conditions of the Altera Program License 
Subscription Agreement, the Altera Quartus II License Agreement,
the Altera MegaCore Function License Agreement, or other 
applicable license agreement, including, without limitation, 
that your use is for the sole purpose of programming logic 
devices manufactured by Altera and sold by Altera or its 
authorized distributors.  Please refer to the applicable 
agreement for further details.



+-------------------------------------------------------------------------------+
; Flow Summary                                                                  ;
+---------------------------------+---------------------------------------------+
; Flow Status                     ; Successful - Sun Oct 18 23:24:55 2015       ;
; Quartus II 64-Bit Version       ; 14.1.0 Build 186 12/03/2014 SJ Full Version ;
; Revision Name                   ; quartus_project                             ;
; Top-level Entity Name           ; quartus_top                                 ;
; Family                          ; Cyclone V                                   ;
; Device                          ; 5CEBA2F17C6                                 ;
; Timing Models                   ; Final                                       ;
; Logic utilization (in ALMs)     ; 535 / 9,430 ( 6 % )                         ;
; Total registers                 ; 933                                         ;
; Total pins                      ; 5 / 128 ( 4 % )                             ;
; Total virtual pins              ; 456                                         ;
; Total block memory bits         ; 0 / 1,802,240 ( 0 % )                       ;
; Total DSP Blocks                ; 7 / 25 ( 28 % )                             ;
; Total HSSI RX PCSs              ; 0                                           ;
; Total HSSI PMA RX Deserializers ; 0                                           ;
; Total HSSI TX PCSs              ; 0                                           ;
; Total HSSI PMA TX Serializers   ; 0                                           ;
; Total PLLs                      ; 0 / 4 ( 0 % )                               ;
; Total DLLs                      ; 0 / 4 ( 0 % )                               ;
+---------------------------------+---------------------------------------------+


+-----------------------------------------+
; Flow Settings                           ;
+-------------------+---------------------+
; Option            ; Setting             ;
+-------------------+---------------------+
; Start date & time ; 10/18/2015 23:23:58 ;
; Main task         ; Compilation         ;
; Revision Name     ; quartus_project     ;
+-------------------+---------------------+


+--------------------------------------------------------------------------------------------------------------------------+
; Flow Non-Default Global Settings                                                                                         ;
+-------------------------------------+---------------------------------------+-----------------+-------------+------------+
; Assignment Name                     ; Value                                 ; Default Value   ; Entity Name ; Section Id ;
+-------------------------------------+---------------------------------------+-----------------+-------------+------------+
; COMPILER_SIGNATURE_ID               ; 220314650046323.144519623802225       ; --              ; --          ; --         ;
; MAX_CORE_JUNCTION_TEMP              ; 85                                    ; --              ; --          ; --         ;
; MIN_CORE_JUNCTION_TEMP              ; 0                                     ; --              ; --          ; --         ;
; PARTITION_COLOR                     ; 16764057                              ; --              ; quartus_top ; Top        ;
; PARTITION_FITTER_PRESERVATION_LEVEL ; PLACEMENT_AND_ROUTING                 ; --              ; quartus_top ; Top        ;
; PARTITION_NETLIST_TYPE              ; SOURCE                                ; --              ; quartus_top ; Top        ;
; POWER_BOARD_THERMAL_MODEL           ; None (CONSERVATIVE)                   ; --              ; --          ; --         ;
; POWER_PRESET_COOLING_SOLUTION       ; 23 MM HEAT SINK WITH 200 LFPM AIRFLOW ; --              ; --          ; --         ;
; PROJECT_OUTPUT_DIRECTORY            ; output_files                          ; --              ; --          ; --         ;
; TOP_LEVEL_ENTITY                    ; quartus_top                           ; quartus_project ; --          ; --         ;
+-------------------------------------+---------------------------------------+-----------------+-------------+------------+


+-------------------------------------------------------------------------------------------------------------------------------+
; Flow Elapsed Time                                                                                                             ;
+---------------------------+--------------+-------------------------+---------------------+------------------------------------+
; Module Name               ; Elapsed Time ; Average Processors Used ; Peak Virtual Memory ; Total CPU Time (on all processors) ;
+---------------------------+--------------+-------------------------+---------------------+------------------------------------+
; Analysis & Synthesis      ; 00:00:17     ; 1.0                     ; 966 MB              ; 00:00:27                           ;
; Fitter                    ; 00:00:37     ; 1.6                     ; 1667 MB             ; 00:01:09                           ;
; TimeQuest Timing Analyzer ; 00:00:08     ; 1.4                     ; 1141 MB             ; 00:00:13                           ;
; Total                     ; 00:01:02     ; --                      ; --                  ; 00:01:49                           ;
+---------------------------+--------------+-------------------------+---------------------+------------------------------------+


+---------------------------------------------------------------------------------------------+
; Flow OS Summary                                                                             ;
+---------------------------+------------------+----------------+------------+----------------+
; Module Name               ; Machine Hostname ; OS Name        ; OS Version ; Processor type ;
+---------------------------+------------------+----------------+------------+----------------+
; Analysis & Synthesis      ; urock-lin-u1     ; Ubuntu 12.04.3 ; 12         ; x86_64         ;
; Fitter                    ; urock-lin-u1     ; Ubuntu 12.04.3 ; 12         ; x86_64         ;
; TimeQuest Timing Analyzer ; urock-lin-u1     ; Ubuntu 12.04.3 ; 12         ; x86_64         ;
+---------------------------+------------------+----------------+------------+----------------+


------------
; Flow Log ;
------------
quartus_map --read_settings_files=on --write_settings_files=off quartus_project -c quartus_project
quartus_fit --read_settings_files=off --write_settings_files=off quartus_project -c quartus_project
quartus_sta quartus_project -c quartus_project



